
 Name                                                              Monthly Qty  Unit                      Monthly Cost 
                                                                                                                       
 ibm_is_share.testNFS                                                                                                  
 ├─ 100 GB file storage share for VPC - us-south-2                      73,000  GB Hours                        $15.15 
 └─ 100 Max IOPS (first 5000 IOPS Hours)                                 5,000  IOPS Hours                       $0.69 
 └─ 100 Max IOPS (next 15000 IOPS Hours)                                15,000  IOPS Hours                       $1.04 
 └─ 100 Max IOPS (next 20000 IOPS Hours)                                20,000  IOPS Hours                       $0.55 
 └─ 100 Max IOPS (over 40000 IOPS Hours)                                33,000  IOPS Hours                       $0.46 
                                                                                                                       
 ibm_is_share.testNFS2withInlineReplica                                                                                
 ├─ 200 GB file storage share for VPC - us-south-2                     146,000  GB Hours                        $30.31 
 ├─ 100 Max IOPS (first 5000 IOPS Hours)                                 5,000  IOPS Hours                       $0.69 
 ├─ 100 Max IOPS (next 15000 IOPS Hours)                                15,000  IOPS Hours                       $1.04 
 ├─ 100 Max IOPS (next 20000 IOPS Hours)                                20,000  IOPS Hours                       $0.55 
 ├─ 100 Max IOPS (over 40000 IOPS Hours)                                33,000  IOPS Hours                       $0.46 
 ├─ 200 GB Replica file storage share for VPC - us-south-3             146,000  GB Hours                        $30.31 
 ├─ 100 Max IOPS (first 5000 IOPS Hours)                                 5,000  IOPS Hours                       $0.69 
 ├─ 100 Max IOPS (next 15000 IOPS Hours)                                15,000  IOPS Hours                       $1.04 
 ├─ 100 Max IOPS (next 20000 IOPS Hours)                                20,000  IOPS Hours                       $0.55 
 ├─ 100 Max IOPS (over 40000 IOPS Hours)                                33,000  IOPS Hours                       $0.46 
 └─ Transmitted data                                                         1  GB                               $0.02 
                                                                                                                       
 ibm_is_share.testReplica                                                                                              
 ├─ 100 GB Replica file storage share for VPC - us-south-3  Monthly cost depends on usage: $0.0002076 per GB Hours     
 ├─ 100 Max IOPS (first 5000 IOPS Hours)                    Monthly cost depends on usage: $0.000138 per IOPS Hours    
 ├─ 100 Max IOPS (next 15000 IOPS Hours)                    Monthly cost depends on usage: $0.0000692 per IOPS Hours   
 ├─ 100 Max IOPS (next 20000 IOPS Hours)                    Monthly cost depends on usage: $0.0000277 per IOPS Hours   
 ├─ 100 Max IOPS (over 40000 IOPS Hours)                    Monthly cost depends on usage: $0.0000138 per IOPS Hours   
 └─ Transmitted data                                        Monthly cost depends on usage: $0.0202 per GB              
                                                                                                                       
 ibm_is_vpc.testVpc                                                                                                    
 ├─ VPC instance                                                             1  Instance                         $0.00 
 ├─ VPC egress free allowance (first 5GB)                   Monthly cost depends on usage: $0.00 per GB                
 └─ VPC egress us-south (first 9995 GB)                     Monthly cost depends on usage: $0.091824 per GB            
 └─ VPC egress us-south (next 40000 GB)                     Monthly cost depends on usage: $0.087602 per GB            
 └─ VPC egress us-south (next 100000 GB)                    Monthly cost depends on usage: $0.07388 per GB             
 └─ VPC egress us-south (over 149995 GB)                    Monthly cost depends on usage: $0.05277 per GB             
                                                                                                                       
 OVERALL TOTAL                                                                                                  $84.01 
──────────────────────────────────
5 cloud resources were detected:
∙ 4 were estimated, all of which include usage-based costs, see https://infracost.io/usage-file
∙ 1 was free:
  ∙ 1 x ibm_is_share_mount_target