
 Name                                                                     Monthly Qty  Unit                    Monthly Cost 
                                                                                                                            
 ibm_pi_instance.aix-shared-s922-instance                                                                                   
 ├─ Storage - tier1                                                            14,600  GB hours                       $4.00 
 ├─ Cores                                                                         730  Core hours                    $92.23 
 ├─ Memory                                                                        730  GB hours                       $8.70 
 └─ Operating System                                                              730  Core hours                    $28.98 
                                                                                                                            
 ibm_pi_instance.hana-dedicated-e980-instance                                                                               
 ├─ Storage - tier1                                                            14,600  GB hours                       $4.00 
 ├─ Linux HANA Memory                                                          93,440  Memory hours                 $289.66 
 ├─ Linux HANA Cores                                                            2,920  Core hours                 $1,279.54 
 └─ Linux HANA OS for SLES (first 1 Instance hours)                                 1  Instance hours                 $0.34 
 └─ Linux HANA OS for SLES (next 2 Instance hours)                                  2  Instance hours                 $1.36 
 └─ Linux HANA OS for SLES (over 3 Instance hours)                                  2  Instance hours                 $1.64 
                                                                                                                            
 ibm_pi_instance.hana-dedicated-e980-instance_no_quantity                                                                   
 ├─ Storage - tier1                                                 Monthly cost depends on usage: $0.000274 per GB hours   
 ├─ Linux HANA Memory                                               Monthly cost depends on usage: $0.0031 per Memory hours 
 ├─ Linux HANA Cores                                                Monthly cost depends on usage: $0.44 per Core hours     
 └─ Linux HANA OS for SLES (first 1 Instance hours)                 Monthly cost depends on usage: $0.34 per Instance hours 
 └─ Linux HANA OS for SLES (next 2 Instance hours)                  Monthly cost depends on usage: $0.68 per Instance hours 
 └─ Linux HANA OS for SLES (over 3 Instance hours)                  Monthly cost depends on usage: $0.82 per Instance hours 
                                                                                                                            
 ibm_pi_instance.ibmi-dedicated-e980-instance                                                                               
 ├─ Storage - tier1                                                            14,600  GB hours                       $4.00 
 ├─ Cores                                                                         730  Core hours                 $1,291.28 
 ├─ Memory                                                                        730  GB hours                       $8.70 
 ├─ Operating System IBMi LPP                                                     730  Core hours                    $33.00 
 ├─ Operating System IBMi OS                                                      730  Core hours                 $2,067.00 
 └─ Operating System IBMi Service Extension                                       730  Core hours                   $817.02 
                                                                                                                            
 ibm_pi_instance.ibmi-dedicated-e980-instance-no-quantity                                                                   
 ├─ Storage - tier1                                                 Monthly cost depends on usage: $0.000274 per GB hours   
 ├─ Cores                                                           Monthly cost depends on usage: $1.77 per Core hours     
 ├─ Memory                                                          Monthly cost depends on usage: $0.011913 per GB hours   
 ├─ Operating System IBMi LPP                                       Monthly cost depends on usage: $0.0452 per Core hours   
 ├─ Operating System IBMi OS                                        Monthly cost depends on usage: $2.83 per Core hours     
 ├─ Cloud Storage Solution                                          Monthly cost depends on usage: $0.0959 per Core hours   
 ├─ High Availability                                               Monthly cost depends on usage: $0.30 per Core hours     
 ├─ IBM DB2 Web Query                                               Monthly cost depends on usage: $1.46 per Core hours     
 ├─ Rational Dev Studio                                             Monthly cost depends on usage: $0.16 per Instance hours 
 └─ Operating System IBMi Service Extension                         Monthly cost depends on usage: $1.12 per Core hours     
                                                                                                                            
 ibm_pi_instance.netweaver-shared-s922-instance                                                                             
 ├─ Storage - tier1                                                            14,600  GB hours                       $4.00 
 ├─ Cores                                                                         730  Core hours                    $92.23 
 ├─ Memory                                                                        730  GB hours                       $8.70 
 └─ Linux NETWEAVER OS for SLES (first 1 Instance hours)                            1  Instance hours                 $0.34 
 └─ Linux NETWEAVER OS for SLES (next 2 Instance hours)                             2  Instance hours                 $1.36 
 └─ Linux NETWEAVER OS for SLES (over 3 Instance hours)                             2  Instance hours                 $1.64 
                                                                                                                            
 ibm_pi_instance.netweaver-shared-s922-no-usage-specified-instance                                                          
 ├─ Storage - tier1                                                 Monthly cost depends on usage: $0.000274 per GB hours   
 ├─ Cores                                                           Monthly cost depends on usage: $0.13 per Core hours     
 ├─ Memory                                                          Monthly cost depends on usage: $0.011913 per GB hours   
 └─ Linux NETWEAVER OS for SLES (first 1 Instance hours)            Monthly cost depends on usage: $0.34 per Instance hours 
 └─ Linux NETWEAVER OS for SLES (next 2 Instance hours)             Monthly cost depends on usage: $0.68 per Instance hours 
 └─ Linux NETWEAVER OS for SLES (over 3 Instance hours)             Monthly cost depends on usage: $0.82 per Instance hours 
                                                                                                                            
 ibm_resource_instance.powervs_service                                                                                      
 └─ Workspace for Power Virtual Server                                              1  Workspace                      $0.00 
                                                                                                                            
 OVERALL TOTAL                                                                                                    $6,039.70 
──────────────────────────────────
14 cloud resources were detected:
∙ 8 were estimated, all of which include usage-based costs, see https://infracost.io/usage-file
∙ 6 were free:
  ∙ 4 x ibm_pi_image
  ∙ 1 x ibm_pi_key
  ∙ 1 x ibm_resource_group