
 Name                                   Monthly Qty  Unit      Monthly Cost 
                                                                            
 ibm_resource_instance.powervs_service                                      
 └─ Power instance                                1  Instance         $0.00 
                                                                            
 OVERALL TOTAL                                                        $0.00 
──────────────────────────────────
3 cloud resources were detected:
∙ 1 was estimated, it includes usage-based costs, see https://infracost.io/usage-file
∙ 1 was free:
  ∙ 1 x ibm_resource_group
∙ 1 is not supported yet, see https://infracost.io/requested-resources:
  ∙ 1 x ibm_pi_placement_group