
 Name                       Monthly Qty  Unit    Monthly Cost 
                                                              
 Cloudant - standard                                          
 ├─ Monthly Reads                   100  second        $25.00 
 ├─ Monthly Writes                   50  second        $25.00 
 ├─ Monthly Global Queries            5  second        $25.00 
 └─ Free Estimated Storage           20  GB             $0.00 
                                                              
 OVERALL TOTAL                                         $75.00 
──────────────────────────────────
1 cloud resource was detected:
∙ 1 was estimated